// Jest Snapshot v1, https://goo.gl/fbAQLP

exports[`should render 1`] = `
<main
  className="hide"
>
  <MainHeading
    count={Object {}}
  />
  <SliderBlock
    fetchData={[Function]}
    handleChange={[Function]}
    userParams={Object {}}
  />
  <VehicleList
    results={Object {}}
    userParams={Object {}}
  />
  <Pagination
    fetchData={[Function]}
    handleChange={[Function]}
    metadata={Object {}}
  />
  <NoVehicles />
</main>
`;
