// Jest Snapshot v1, https://goo.gl/fbAQLP

exports[`should render 1`] = `
<div
  className="filter-container"
>
  <div
    className="back-to-search-div"
  >
    <svg
      className="chevron"
      data-name="Layer 4"
      height="20px"
      id="Layer_4"
      viewBox="0 0 23 43.41"
      width="20px"
      xmlns="http://www.w3.org/2000/svg"
    >
      <title>
        white_chevron
      </title>
      <rect
        fill="none"
        height="83.33"
        rx="41.67"
        ry="41.67"
        width="83.33"
        x="-29.83"
        y="-19.96"
      />
      <polyline
        fill="none"
        points="21.17 1.71 11.83 11.71 2.5 21.71 11.83 31.71 21.17 41.71"
        stroke="#ffffff"
        strokeLinejoin="round"
        strokeWidth="5px"
      />
    </svg>
    <p
      className="back-to-search"
    >
      Back to your search results
    </p>
  </div>
  <form
    className="filter-form"
  >
    <div
      className="input-group"
    >
      <label
        className="filter-label"
        htmlFor="location"
      >
        Location
      </label>
      <input
        className="filter-input"
        id="location"
        name="location"
        placeholder="Enter your location"
        required={true}
        type="text"
      />
    </div>
    <div
      className="input-group"
    >
      <label
        className="filter-label"
        htmlFor="sub-start"
      >
        Subscription starts within the
      </label>
      <select
        className="filter-input dropdown"
        id="sub-start"
        name="sub-start"
        type="text"
      >
        <option
          value="2"
        >
          Next 2 Days
        </option>
        <option
          defaultValue={true}
          value="14"
        >
          Next 14 Days
        </option>
        <option
          value="30"
        >
          Next 30 Days
        </option>
      </select>
    </div>
    <div
      className="input-group"
    >
      <label
        className="filter-label"
        htmlFor="distance"
      >
        Distance (radius in miles)
      </label>
      <select
        className="filter-input dropdown"
        id="distance"
        name="distance"
        type="text"
      >
        <option
          defaultValue={true}
          value="25"
        >
          25
        </option>
        <option
          value="50"
        >
          50
        </option>
        <option
          value="75"
        >
          75
        </option>
        <option
          value="100"
        >
          100
        </option>
        <option
          value="150"
        >
          150
        </option>
        <option
          value="200"
        >
          200
        </option>
        <option
          value="all"
        >
          Nationwide
        </option>
      </select>
    </div>
    <div
      className="input-group"
    >
      <label
        className="filter-label"
        htmlFor="budget"
      >
        Monthly Budget
      </label>
      <select
        className="filter-input dropdown"
        id="budget"
        name="budget"
        type="text"
      >
        <option
          defaultValue={true}
          value="400"
        >
          Under £200
        </option>
        <option
          value="500"
        >
          Under £500
        </option>
        <option
          value="750"
        >
          Under £750
        </option>
        <option
          value="1000"
        >
          Under £1000
        </option>
        <option
          value="1500"
        >
          Under £1500
        </option>
        <option
          value="2000"
        >
          Under £2000
        </option>
      </select>
    </div>
    <div
      className="input-group"
    >
      <label
        className="filter-label"
        htmlFor="gearbox"
      >
        Gearbox
      </label>
      <select
        className="filter-input dropdown"
        id="gearbox"
        name="gearbox"
        type="text"
      >
        <option
          defaultValue={true}
          value="any"
        >
          Any
        </option>
        <option
          value="automatic"
        >
          Automatic
        </option>
        <option
          value="cvt"
        >
          Cvt
        </option>
        <option
          value="manual"
        >
          Manual
        </option>
      </select>
    </div>
    <div
      className="input-group"
    >
      <label
        className="filter-label"
        htmlFor="year"
      >
        Year
      </label>
      <select
        className="filter-input dropdown"
        id="year"
        name="year"
        type="text"
      >
        <option
          defaultValue={true}
          value="any"
        >
          Any
        </option>
        <option
          value="2018"
        >
          2018
        </option>
        <option
          value="2017"
        >
          2017
        </option>
        <option
          value="2016"
        >
          2016
        </option>
        <option
          value="2015"
        >
          2015
        </option>
        <option
          value="2014"
        >
          2014
        </option>
        <option
          value="2013"
        >
          2013
        </option>
        <option
          value="2012"
        >
          2012
        </option>
      </select>
    </div>
    <div
      className="input-group"
    >
      <label
        className="filter-label"
        htmlFor="fuel"
      >
        Fuel Type
      </label>
      <select
        className="filter-input dropdown"
        id="fuel"
        name="fuel"
        type="text"
      >
        <option
          defaultValue={true}
          value="any"
        >
          Any
        </option>
        <option
          value="petrol"
        >
          Petrol
        </option>
        <option
          value="diesel"
        >
          Diesel
        </option>
        <option
          value="hybrid"
        >
          Petrol Hybrid
        </option>
      </select>
    </div>
  </form>
</div>
`;
