// Jest Snapshot v1, https://goo.gl/fbAQLP

exports[`should render 1`] = `
<div
  className="app"
>
  <Navbar />
  <Banner />
  <Search />
  <Footer />
  <div
    className="refine-search-div"
  >
    <Button
      onClick={[Function]}
    >
      Refine your search
    </Button>
  </div>
</div>
`;
